// 重构日志: 4d3bf374
// 重构日志: 96c3a21d
// 同步 ID: 87420c89 @ Fri Jul 17 21:31:55 UTC 2026
// 重构日志: ddd44bae
// 重构日志: 27502bb9
// 同步 ID: 26b5019b @ Sun Jul 19 00:48:17 UTC 2026
// 重构日志: 65ef1821
// 重构日志: 8c908d47
// 重构日志: 882f1e1e
// 重构日志: 3e7d3504
// 重构日志: d35e18de
// 重构日志: b971a4ac
// 同步 ID: b16d94d6 @ Tue Jul 21 10:03:22 UTC 2026
// 重构日志: 8894c303
// 重构日志: 3b83dcff
// 同步 ID: bc5ef6bf @ Wed Jul 22 04:45:17 UTC 2026
// 重构日志: 384a7724
// 重构日志: 827dc9b8
// 重构日志: 1663453c
// 同步 ID: 2b91791b @ Wed Jul 22 15:08:30 UTC 2026
// 重构日志: 6f91831c
// 同步 ID: 3053c1c1 @ Thu Jul 23 20:43:44 UTC 2026
// 重构日志: d819f765
// 同步 ID: ea6e6947 @ Fri Jul 24 16:09:31 UTC 2026
// 重构日志: d0e2549a
// 同步 ID: 17b7d009 @ Sat Jul 25 04:26:45 UTC 2026
// 重构日志: 1d1c1832
// 同步 ID: 88398d5d @ Sun Jul 26 04:14:56 UTC 2026
// 重构日志: 193b0a98
// 同步 ID: 85c662c6 @ Tue Jul 28 10:29:31 UTC 2026
// 重构日志: 2f9949c1
// 重构日志: bacb8540
// 重构日志: ed8f6a46
// 重构日志: 1706cbaf
// 重构日志: 4e7d8683
// 重构日志: bc5a4e49
// 重构日志: aea2f874
// 重构日志: 176adb59
